
[2026-09-15T14:58:44.906Z] /api/auth/me
UnauthorizedException: Unauthorized
    at JwtAuthGuard.handleRequest (D:\Workspace\Personal\Web\LexiNote\backend\node_modules\@nestjs\passport\dist\auth.guard.js:60:30)
    at D:\Workspace\Personal\Web\LexiNote\backend\node_modules\@nestjs\passport\dist\auth.guard.js:44:124
    at D:\Workspace\Personal\Web\LexiNote\backend\node_modules\@nestjs\passport\dist\auth.guard.js:83:24
    at allFailed (D:\Workspace\Personal\Web\LexiNote\backend\node_modules\passport\lib\middleware\authenticate.js:110:18)
    at attempt (D:\Workspace\Personal\Web\LexiNote\backend\node_modules\passport\lib\middleware\authenticate.js:183:28)
    at strategy.fail (D:\Workspace\Personal\Web\LexiNote\backend\node_modules\passport\lib\middleware\authenticate.js:314:9)
    at D:\Workspace\Personal\Web\LexiNote\backend\node_modules\passport-jwt\lib\strategy.js:106:33
    at D:\Workspace\Personal\Web\LexiNote\backend\node_modules\jsonwebtoken\verify.js:190:16
    at getSecret (D:\Workspace\Personal\Web\LexiNote\backend\node_modules\jsonwebtoken\verify.js:97:14)
    at module.exports [as verify] (D:\Workspace\Personal\Web\LexiNote\backend\node_modules\jsonwebtoken\verify.js:101:10)

[2026-09-15T14:58:44.920Z] /api/dashboard
UnauthorizedException: Unauthorized
    at JwtAuthGuard.handleRequest (D:\Workspace\Personal\Web\LexiNote\backend\node_modules\@nestjs\passport\dist\auth.guard.js:60:30)
    at D:\Workspace\Personal\Web\LexiNote\backend\node_modules\@nestjs\passport\dist\auth.guard.js:44:124
    at D:\Workspace\Personal\Web\LexiNote\backend\node_modules\@nestjs\passport\dist\auth.guard.js:83:24
    at allFailed (D:\Workspace\Personal\Web\LexiNote\backend\node_modules\passport\lib\middleware\authenticate.js:110:18)
    at attempt (D:\Workspace\Personal\Web\LexiNote\backend\node_modules\passport\lib\middleware\authenticate.js:183:28)
    at strategy.fail (D:\Workspace\Personal\Web\LexiNote\backend\node_modules\passport\lib\middleware\authenticate.js:314:9)
    at D:\Workspace\Personal\Web\LexiNote\backend\node_modules\passport-jwt\lib\strategy.js:106:33
    at D:\Workspace\Personal\Web\LexiNote\backend\node_modules\jsonwebtoken\verify.js:190:16
    at getSecret (D:\Workspace\Personal\Web\LexiNote\backend\node_modules\jsonwebtoken\verify.js:97:14)
    at module.exports [as verify] (D:\Workspace\Personal\Web\LexiNote\backend\node_modules\jsonwebtoken\verify.js:101:10)

[2026-09-15T16:07:17.175Z] /api/auth/me
UnauthorizedException: Unauthorized
    at JwtAuthGuard.handleRequest (D:\Workspace\Personal\Web\LexiNote\backend\node_modules\@nestjs\passport\dist\auth.guard.js:60:30)
    at D:\Workspace\Personal\Web\LexiNote\backend\node_modules\@nestjs\passport\dist\auth.guard.js:44:124
    at D:\Workspace\Personal\Web\LexiNote\backend\node_modules\@nestjs\passport\dist\auth.guard.js:83:24
    at allFailed (D:\Workspace\Personal\Web\LexiNote\backend\node_modules\passport\lib\middleware\authenticate.js:110:18)
    at attempt (D:\Workspace\Personal\Web\LexiNote\backend\node_modules\passport\lib\middleware\authenticate.js:183:28)
    at strategy.fail (D:\Workspace\Personal\Web\LexiNote\backend\node_modules\passport\lib\middleware\authenticate.js:314:9)
    at D:\Workspace\Personal\Web\LexiNote\backend\node_modules\passport-jwt\lib\strategy.js:106:33
    at D:\Workspace\Personal\Web\LexiNote\backend\node_modules\jsonwebtoken\verify.js:190:16
    at getSecret (D:\Workspace\Personal\Web\LexiNote\backend\node_modules\jsonwebtoken\verify.js:97:14)
    at module.exports [as verify] (D:\Workspace\Personal\Web\LexiNote\backend\node_modules\jsonwebtoken\verify.js:101:10)

[2026-09-15T16:07:17.198Z] /api/dashboard
UnauthorizedException: Unauthorized
    at JwtAuthGuard.handleRequest (D:\Workspace\Personal\Web\LexiNote\backend\node_modules\@nestjs\passport\dist\auth.guard.js:60:30)
    at D:\Workspace\Personal\Web\LexiNote\backend\node_modules\@nestjs\passport\dist\auth.guard.js:44:124
    at D:\Workspace\Personal\Web\LexiNote\backend\node_modules\@nestjs\passport\dist\auth.guard.js:83:24
    at allFailed (D:\Workspace\Personal\Web\LexiNote\backend\node_modules\passport\lib\middleware\authenticate.js:110:18)
    at attempt (D:\Workspace\Personal\Web\LexiNote\backend\node_modules\passport\lib\middleware\authenticate.js:183:28)
    at strategy.fail (D:\Workspace\Personal\Web\LexiNote\backend\node_modules\passport\lib\middleware\authenticate.js:314:9)
    at D:\Workspace\Personal\Web\LexiNote\backend\node_modules\passport-jwt\lib\strategy.js:106:33
    at D:\Workspace\Personal\Web\LexiNote\backend\node_modules\jsonwebtoken\verify.js:190:16
    at getSecret (D:\Workspace\Personal\Web\LexiNote\backend\node_modules\jsonwebtoken\verify.js:97:14)
    at module.exports [as verify] (D:\Workspace\Personal\Web\LexiNote\backend\node_modules\jsonwebtoken\verify.js:101:10)
